Microchip MPLAB XC8 Compiler V2.40

Linker command line:

-W-3 \
  --edf=C:\Program Files\Microchip\xc8\v2.40\pic\dat\20220703182018_en.msgs \
  -cn -h+dist/default/production\Door_Lock.X.production.sym \
  --cmf=dist/default/production\Door_Lock.X.production.cmf -z -Q18F4620 \
  -oC:\Users\Ehab\AppData\Local\Temp\xcAsgvo.4 --defsym=__MPLAB_BUILD=1 \
  --fixupoverflow=error \
  -Mdist/default/production/Door_Lock.X.production.map \
  --md=C:\Users\Ehab\AppData\Local\Temp\xcAsgvo.dat -E1 -ver=XC8 Compiler \
  --acfsm=1493 -ACODE=00h-0FFFFh -ACONST=00h-0FFFFh \
  -ASMALLCONST=01000h-010FFhx240 -AMEDIUMCONST=01000h-0FFFFh \
  -ACOMRAM=01h-07Fh -AABS1=00h-0F7Fh -ABIGRAM=01h-0F7Fh \
  -ARAM=080h-0FFh,0100h-01FFhx14,0F00h-0F7Fh -ABANK0=080h-0FFh \
  -ABANK1=0100h-01FFh -ABANK2=0200h-02FFh -ABANK3=0300h-03FFh \
  -ABANK4=0400h-04FFh -ABANK5=0500h-05FFh -ABANK6=0600h-06FFh \
  -ABANK7=0700h-07FFh -ABANK8=0800h-08FFh -ABANK9=0900h-09FFh \
  -ABANK10=0A00h-0AFFh -ABANK11=0B00h-0BFFh -ABANK12=0C00h-0CFFh \
  -ABANK13=0D00h-0DFFh -ABANK14=0E00h-0EFFh -ABANK15=0F00h-0F7Fh \
  -ASFR=0F80h-0FFFh -ABIGSFR=0F80h-0FFFh -ACONFIG=0300000h-030000Dh \
  -AIDLOC=0200000h-0200007h -AEEDATA=0F00000h-0F003FFh -peeprom_data=EEDATA \
  -preset_vec=00h,intcode,intcodelo,powerup,init -pramtop=01000h \
  -psmallconst=SMALLCONST -pmediumconst=MEDIUMCONST -pconst=CONST \
  -AFARRAM=00h-00h \
  -prdata=COMRAM,nvrram=COMRAM,nvbit=COMRAM,rbss=COMRAM,rbit=COMRAM \
  -pfarbss=FARRAM,fardata=FARRAM,nvFARRAM=FARRAM \
  -pintsave_regs=BIGRAM,bigbss=BIGRAM,bigdata=BIGRAM -pbss=RAM \
  -pidata=CODE,irdata=CODE,ibigdata=CODE,ifardata=CODE -prparam=COMRAM \
  C:\Users\Ehab\AppData\Local\Temp\xcAsgvo.o \
  dist/default/production\Door_Lock.X.production.o 

Object code version is 3.11

Machine type is 18F4620



                Name                               Link     Load   Length Selector   Space Scale
C:\Users\Ehab\AppData\Local\Temp\xcAsgvo.o
                idloc                            200000   200000        8        0       5
                config                           300000   300000        E        0       4
                init                                  0        0        4        0       0
dist/default/production\Door_Lock.X.production.o
                idloc                            200000   200000        8        0       5
                config                           300000   300000        E        0       4
                smallconst                         1000     1000       50      800       0
                text27                             1858     1858       C4      828       0
                text26                             19D4     19D4       B0      828       0
                text25                             1E10     1E10       6A      828       0
                text24                             13E4     13E4      144      828       0
                text23                             1528     1528      12C      828       0
                text22                             1DA4     1DA4       6C      828       0
                text21                             1B1E     1B1E       98      828       0
                text20                             1D38     1D38       6C      828       0
                text19                             2006     2006       4A      828       0
                text18                             1F48     1F48       66      828       0
                text17                             1654     1654      120      828       0
                text16                             1CBA     1CBA       7E      828       0
                text15                             2196     2196       38      828       0
                text14                             2094     2094       42      828       0
                text13                             2238     2238        8      828       0
                text12                             191C     191C       B8      828       0
                text11                             1774     1774       E4      828       0
                text10                             1E7A     1E7A       68      828       0
                text9                              1EE2     1EE2       66      828       0
                text8                              1A84     1A84       9A      828       0
                text7                              2156     2156       40      828       0
                text6                              1FAE     1FAE       58      828       0
                text5                              2050     2050       44      828       0
                text4                              1C38     1C38       82      828       0
                text3                              1BB6     1BB6       82      828       0
                text2                              2116     2116       40      828       0
                text1                              20D6     20D6       40      828       0
                text0                              1050     1050      394      828       0
                cstackCOMRAM                         35       35       29        1       1
                dataCOMRAM                            1        1       34        1       1
                bssCOMRAM                            5E       5E        A        1       1
                cinit                              21CE     21CE       36      828       0
                nvCOMRAM                             68       68        1        1       1
                idataCOMRAM                        2204     2204       34      828       0

TOTAL           Name                               Link     Load   Length     Space
        CLASS   CODE           
                init                                  0        0        4         0
                text27                             1858     1858       C4         0
                text26                             19D4     19D4       B0         0
                text25                             1E10     1E10       6A         0
                text24                             13E4     13E4      144         0
                text23                             1528     1528      12C         0
                text22                             1DA4     1DA4       6C         0
                text21                             1B1E     1B1E       98         0
                text20                             1D38     1D38       6C         0
                text19                             2006     2006       4A         0
                text18                             1F48     1F48       66         0
                text17                             1654     1654      120         0
                text16                             1CBA     1CBA       7E         0
                text15                             2196     2196       38         0
                text14                             2094     2094       42         0
                text13                             2238     2238        8         0
                text12                             191C     191C       B8         0
                text11                             1774     1774       E4         0
                text10                             1E7A     1E7A       68         0
                text9                              1EE2     1EE2       66         0
                text8                              1A84     1A84       9A         0
                text7                              2156     2156       40         0
                text6                              1FAE     1FAE       58         0
                text5                              2050     2050       44         0
                text4                              1C38     1C38       82         0
                text3                              1BB6     1BB6       82         0
                text2                              2116     2116       40         0
                text1                              20D6     20D6       40         0
                text0                              1050     1050      394         0
                cinit                              21CE     21CE       36         0
                idataCOMRAM                        2204     2204       34         0

        CLASS   CONST          

        CLASS   SMALLCONST     
                smallconst                         1000     1000       50         0

        CLASS   MEDIUMCONST    

        CLASS   COMRAM         
                cstackCOMRAM                         35       35       29         1
                dataCOMRAM                            1        1       34         1
                bssCOMRAM                            5E       5E        A         1
                nvCOMRAM                             68       68        1         1

        CLASS   ABS1           

        CLASS   BIGRAM         

        CLASS   RAM            

        CLASS   BANK0          

        CLASS   BANK1          

        CLASS   BANK2          

        CLASS   BANK3          

        CLASS   BANK4          

        CLASS   BANK5          

        CLASS   BANK6          

        CLASS   BANK7          

        CLASS   BANK8          

        CLASS   BANK9          

        CLASS   BANK10         

        CLASS   BANK11         

        CLASS   BANK12         

        CLASS   BANK13         

        CLASS   BANK14         

        CLASS   BANK15         

        CLASS   SFR            

        CLASS   BIGSFR         

        CLASS   CONFIG         
                config                           300000   300000        E         4

        CLASS   IDLOC          
                idloc                            200000   200000        8         5

        CLASS   EEDATA         

        CLASS   FARRAM         

        CLASS   HEAP           

        CLASS   STACK          



SEGMENTS        Name                           Load    Length   Top    Selector   Space  Class

                reset_vec                      000000  000004  000004         0       0  CODE    
                dataCOMRAM                     000001  000068  000069         1       1  COMRAM  
                smallconst                     001000  000050  001050       800       0  SMALLCON
                text0                          001050  0011F0  002240       828       0  CODE    


UNUSED ADDRESS RANGES

        Name                Unused          Largest block    Delta
        BANK0            000080-0000FF               80
        BANK1            000100-0001FF              100
        BANK10           000A00-000AFF              100
        BANK11           000B00-000BFF              100
        BANK12           000C00-000CFF              100
        BANK13           000D00-000DFF              100
        BANK14           000E00-000EFF              100
        BANK15           000F00-000F7F               80
        BANK2            000200-0002FF              100
        BANK3            000300-0003FF              100
        BANK4            000400-0004FF              100
        BANK5            000500-0005FF              100
        BANK6            000600-0006FF              100
        BANK7            000700-0007FF              100
        BANK8            000800-0008FF              100
        BANK9            000900-0009FF              100
        BIGRAM           000069-000F7F              F17
        BIGSFR           000F80-000FFF               80
        CODE             000004-000FFF              FFC
                         002240-00FFFF             DDC0
        COMRAM           000069-00007F               17
        CONST            000004-000FFF              FFC
                         002240-00FFFF             DDC0
        EEDATA           F00000-F003FF              400
        MEDIUMCONST      002240-00FFFF             DDC0
        RAM              000080-000F7F              100
        SFR              000F80-000FFF               80
        SMALLCONST       002240-00FFFF              100

                                  Symbol Table

?___awdiv                                cstackCOMRAM 000035
?___awmod                                cstackCOMRAM 00003D
?___lmul                                 cstackCOMRAM 000035
_LATA                                    (abs)        000F89
_LATB                                    (abs)        000F8A
_LATC                                    (abs)        000F8B
_LATD                                    (abs)        000F8C
_LATE                                    (abs)        000F8D
_PORTA                                   (abs)        000F80
_PORTB                                   (abs)        000F81
_PORTC                                   (abs)        000F82
_PORTD                                   (abs)        000F83
_PORTE                                   (abs)        000F84
_TRISA                                   (abs)        000F92
_TRISB                                   (abs)        000F93
_TRISC                                   (abs)        000F94
_TRISD                                   (abs)        000F95
_TRISE                                   (abs)        000F96
__HRAM                                   (abs)        000000
__Habs1                                  abs1         000000
__Hbank0                                 bank0        000000
__Hbank1                                 bank1        000000
__Hbank10                                bank10       000000
__Hbank11                                bank11       000000
__Hbank12                                bank12       000000
__Hbank13                                bank13       000000
__Hbank14                                bank14       000000
__Hbank15                                bank15       000000
__Hbank2                                 bank2        000000
__Hbank3                                 bank3        000000
__Hbank4                                 bank4        000000
__Hbank5                                 bank5        000000
__Hbank6                                 bank6        000000
__Hbank7                                 bank7        000000
__Hbank8                                 bank8        000000
__Hbank9                                 bank9        000000
__Hbigbss                                bigbss       000000
__Hbigdata                               bigdata      000000
__Hbigram                                bigram       000000
__Hbigsfr                                bigsfr       000000
__Hbss                                   bss          000000
__HbssCOMRAM                             bssCOMRAM    000000
__Hcinit                                 cinit        000000
__Hclrtext                               clrtext      000000
__Hcomram                                comram       000000
__Hconfig                                config       30000E
__Hconst                                 const        000000
__HcstackCOMRAM                          cstackCOMRAM 000000
__Hdata                                  data         000000
__HdataCOMRAM                            dataCOMRAM   000000
__Heeprom_data                           eeprom_data  000000
__Hfarbss                                farbss       000000
__Hfardata                               fardata      000000
__Hheap                                  heap         000000
__Hibigdata                              ibigdata     000000
__Hidata                                 idata        000000
__HidataCOMRAM                           idataCOMRAM  000000
__Hidloc                                 idloc        200008
__Hifardata                              ifardata     000000
__Hinit                                  init         000004
__Hintcode                               intcode      000000
__Hintcode_body                          intcode_body 000000
__Hintcodelo                             intcodelo    000000
__Hintentry                              intentry     000000
__Hintret                                intret       000000
__Hintsave_regs                          intsave_regs 000000
__Hirdata                                irdata       000000
__Hmediumconst                           mediumconst  000000
__HnvCOMRAM                              nvCOMRAM     000000
__HnvFARRAM                              nvFARRAM     000000
__Hnvbit                                 nvbit        000000
__Hnvrram                                nvrram       000000
__Hparam                                 rparam       000000
__Hpowerup                               powerup      000000
__Hram                                   ram          000000
__Hramtop                                ramtop       001000
__Hrbit                                  rbit         000000
__Hrbss                                  rbss         000000
__Hrdata                                 rdata        000000
__Hreset_vec                             reset_vec    000000
__Hrparam                                rparam       000000
__Hsfr                                   sfr          000000
__Hsmallconst                            smallconst   001050
__Hspace_0                               (abs)        002240
__Hspace_1                               (abs)        000069
__Hspace_2                               (abs)        000000
__Hspace_4                               (abs)        60000E
__Hstack                                 stack        000000
__Hstruct                                struct       000000
__Htemp                                  temp         000000
__Htext                                  text         000000
__Htext0                                 text0        000000
__Htext1                                 text1        000000
__Htext10                                text10       000000
__Htext11                                text11       000000
__Htext12                                text12       000000
__Htext13                                text13       000000
__Htext14                                text14       000000
__Htext15                                text15       000000
__Htext16                                text16       000000
__Htext17                                text17       000000
__Htext18                                text18       000000
__Htext19                                text19       000000
__Htext2                                 text2        000000
__Htext20                                text20       000000
__Htext21                                text21       000000
__Htext22                                text22       000000
__Htext23                                text23       000000
__Htext24                                text24       000000
__Htext25                                text25       000000
__Htext26                                text26       000000
__Htext27                                text27       000000
__Htext3                                 text3        000000
__Htext4                                 text4        000000
__Htext5                                 text5        000000
__Htext6                                 text6        000000
__Htext7                                 text7        000000
__Htext8                                 text8        000000
__Htext9                                 text9        000000
__LRAM                                   (abs)        000001
__Labs1                                  abs1         000000
__Lbank0                                 bank0        000000
__Lbank1                                 bank1        000000
__Lbank10                                bank10       000000
__Lbank11                                bank11       000000
__Lbank12                                bank12       000000
__Lbank13                                bank13       000000
__Lbank14                                bank14       000000
__Lbank15                                bank15       000000
__Lbank2                                 bank2        000000
__Lbank3                                 bank3        000000
__Lbank4                                 bank4        000000
__Lbank5                                 bank5        000000
__Lbank6                                 bank6        000000
__Lbank7                                 bank7        000000
__Lbank8                                 bank8        000000
__Lbank9                                 bank9        000000
__Lbigbss                                bigbss       000000
__Lbigdata                               bigdata      000000
__Lbigram                                bigram       000000
__Lbigsfr                                bigsfr       000000
__Lbss                                   bss          000000
__LbssCOMRAM                             bssCOMRAM    000000
__Lcinit                                 cinit        000000
__Lclrtext                               clrtext      000000
__Lcomram                                comram       000000
__Lconfig                                config       000000
__Lconst                                 const        000000
__LcstackCOMRAM                          cstackCOMRAM 000000
__Ldata                                  data         000000
__LdataCOMRAM                            dataCOMRAM   000000
__Leeprom_data                           eeprom_data  000000
__Lfarbss                                farbss       000000
__Lfardata                               fardata      000000
__Lheap                                  heap         000000
__Libigdata                              ibigdata     000000
__Lidata                                 idata        000000
__LidataCOMRAM                           idataCOMRAM  000000
__Lidloc                                 idloc        000000
__Lifardata                              ifardata     000000
__Linit                                  init         000000
__Lintcode                               intcode      000000
__Lintcode_body                          intcode_body 000000
__Lintcodelo                             intcodelo    000000
__Lintentry                              intentry     000000
__Lintret                                intret       000000
__Lintsave_regs                          intsave_regs 000000
__Lirdata                                irdata       000000
__Lmediumconst                           mediumconst  000000
__LnvCOMRAM                              nvCOMRAM     000000
__LnvFARRAM                              nvFARRAM     000000
__Lnvbit                                 nvbit        000000
__Lnvrram                                nvrram       000000
__Lparam                                 rparam       000000
__Lpowerup                               powerup      000000
__Lram                                   ram          000000
__Lramtop                                ramtop       001000
__Lrbit                                  rbit         000000
__Lrbss                                  rbss         000000
__Lrdata                                 rdata        000000
__Lreset_vec                             reset_vec    000000
__Lrparam                                rparam       000000
__Lsfr                                   sfr          000000
__Lsmallconst                            smallconst   001000
__Lspace_0                               (abs)        000000
__Lspace_1                               (abs)        000000
__Lspace_2                               (abs)        000000
__Lspace_4                               (abs)        000000
__Lstack                                 stack        000000
__Lstruct                                struct       000000
__Ltemp                                  temp         000000
__Ltext                                  text         000000
__Ltext0                                 text0        000000
__Ltext1                                 text1        000000
__Ltext10                                text10       000000
__Ltext11                                text11       000000
__Ltext12                                text12       000000
__Ltext13                                text13       000000
__Ltext14                                text14       000000
__Ltext15                                text15       000000
__Ltext16                                text16       000000
__Ltext17                                text17       000000
__Ltext18                                text18       000000
__Ltext19                                text19       000000
__Ltext2                                 text2        000000
__Ltext20                                text20       000000
__Ltext21                                text21       000000
__Ltext22                                text22       000000
__Ltext23                                text23       000000
__Ltext24                                text24       000000
__Ltext25                                text25       000000
__Ltext26                                text26       000000
__Ltext27                                text27       000000
__Ltext3                                 text3        000000
__Ltext4                                 text4        000000
__Ltext5                                 text5        000000
__Ltext6                                 text6        000000
__Ltext7                                 text7        000000
__Ltext8                                 text8        000000
__Ltext9                                 text9        000000
__S0                                     (abs)        002240
__S1                                     (abs)        000069
__S4                                     (abs)        000000
__S5                                     (abs)        000000
___awdiv                                 text27       001858
___awdiv@counter                         cstackCOMRAM 000039
___awdiv@dividend                        cstackCOMRAM 000035
___awdiv@divisor                         cstackCOMRAM 000037
___awdiv@quotient                        cstackCOMRAM 00003B
___awdiv@sign                            cstackCOMRAM 00003A
___awmod                                 text26       0019D4
___awmod@counter                         cstackCOMRAM 000041
___awmod@dividend                        cstackCOMRAM 00003D
___awmod@divisor                         cstackCOMRAM 00003F
___awmod@sign                            cstackCOMRAM 000042
___heap_hi                               (abs)        000000
___heap_lo                               (abs)        000000
___inthi_sp                              stack        000000
___intlo_sp                              stack        000000
___lmul                                  text25       001E10
___lmul@multiplicand                     cstackCOMRAM 000039
___lmul@multiplier                       cstackCOMRAM 000035
___lmul@product                          cstackCOMRAM 00003D
___param_bank                            (abs)        000000
___rparam_used                           (abs)        000001
___sp                                    stack        000000
__accesstop                              (abs)        000080
__activetblptr                           (abs)        000002
__end_of___awdiv                         text27       00191C
__end_of___awmod                         text26       001A84
__end_of___lmul                          text25       001E7A
__end_of__initialization                 cinit        0021FA
__end_of_application_intialize           text13       002240
__end_of_ecu_layer_intialize             text14       0020D6
__end_of_gpio_pin_direction_intialize    text24       001528
__end_of_gpio_pin_intialize              text22       001E10
__end_of_gpio_pin_read_logic             text12       0019D4
__end_of_gpio_pin_write_logic            text23       001654
__end_of_keypad_get_value                text11       001858
__end_of_keypad_intialize                text21       001BB6
__end_of_keypad_matrix                   smallconst   00100D
__end_of_keypad_read_value               text10       001EE2
__end_of_lcd_4bit_intialize              text17       001774
__end_of_lcd_4bit_send_char              text9        001F48
__end_of_lcd_4bit_send_char_pos          text7        002196
__end_of_lcd_4bit_send_command           text18       001FAE
__end_of_lcd_4bit_send_string            text6        002006
__end_of_lcd_4bit_send_string_pos        text5        002094
__end_of_lcd_4bit_set_cursor             text8        001B1E
__end_of_lcd_send_4bit                   text20       001DA4
__end_of_led_intialiaze                  text16       001D38
__end_of_led_turn_off                    text4        001CBA
__end_of_led_turn_on                     text3        001C38
__end_of_main                            text0        0013E4
__end_of_motor_intialize                 text15       0021CE
__end_of_motor_move_right                text2        002156
__end_of_motor_stop                      text1        002116
__end_of_send_4bit_enable_signal         text19       002050
__initialization                         cinit        0021CE
__mediumconst                            mediumconst  000000
__pbssCOMRAM                             bssCOMRAM    00005E
__pcinit                                 cinit        0021CE
__pcstackCOMRAM                          cstackCOMRAM 000035
__pdataCOMRAM                            dataCOMRAM   000001
__pidataCOMRAM                           idataCOMRAM  002204
__pnvCOMRAM                              nvCOMRAM     000068
__psmallconst                            smallconst   001000
__ptext0                                 text0        001050
__ptext1                                 text1        0020D6
__ptext10                                text10       001E7A
__ptext11                                text11       001774
__ptext12                                text12       00191C
__ptext13                                text13       002238
__ptext14                                text14       002094
__ptext15                                text15       002196
__ptext16                                text16       001CBA
__ptext17                                text17       001654
__ptext18                                text18       001F48
__ptext19                                text19       002006
__ptext2                                 text2        002116
__ptext20                                text20       001D38
__ptext21                                text21       001B1E
__ptext22                                text22       001DA4
__ptext23                                text23       001528
__ptext24                                text24       0013E4
__ptext25                                text25       001E10
__ptext26                                text26       0019D4
__ptext27                                text27       001858
__ptext3                                 text3        001BB6
__ptext4                                 text4        001C38
__ptext5                                 text5        002050
__ptext6                                 text6        001FAE
__ptext7                                 text7        002156
__ptext8                                 text8        001A84
__ptext9                                 text9        001EE2
__ramtop                                 ramtop       001000
__smallconst                             smallconst   001000
_application_intialize                   text13       002238
_ecu_layer_intialize                     text14       002094
_entered_password                        bssCOMRAM    00005E
_gpio_pin_direction_intialize            text24       0013E4
_gpio_pin_intialize                      text22       001DA4
_gpio_pin_read_logic                     text12       00191C
_gpio_pin_write_logic                    text23       001528
_incorrect_pass                          bssCOMRAM    000062
_keypad                                  dataCOMRAM   000025
_keypad_get_value                        text11       001774
_keypad_intialize                        text21       001B1E
_keypad_matrix                           smallconst   001001
_keypad_read_value                       text10       001E7A
_keypad_value                            nvCOMRAM     000068
_lat_registers                           dataCOMRAM   000001
_lcd                                     dataCOMRAM   00002C
_lcd_4bit_intialize                      text17       001654
_lcd_4bit_send_char                      text9        001EE2
_lcd_4bit_send_char_pos                  text7        002156
_lcd_4bit_send_command                   text18       001F48
_lcd_4bit_send_string                    text6        001FAE
_lcd_4bit_send_string_pos                text5        002050
_lcd_4bit_set_cursor                     text8        001A84
_lcd_output_data_col                     dataCOMRAM   000023
_lcd_send_4bit                           text20       001D38
_led_intialiaze                          text16       001CBA
_led_locked                              bssCOMRAM    000067
_led_opened                              dataCOMRAM   000034
_led_turn_off                            text4        001C38
_led_turn_on                             text3        001BB6
_main                                    text0        001050
_motor                                   dataCOMRAM   000032
_motor_intialize                         text15       002196
_motor_move_right                        text2        002116
_motor_stop                              text1        0020D6
_number_of_clicks                        bssCOMRAM    000063
_password                                dataCOMRAM   00001F
_port_registers                          dataCOMRAM   00000B
_ret                                     dataCOMRAM   000024
_send_4bit_enable_signal                 text19       002006
_tris_registers                          dataCOMRAM   000015
ecu_layer_intialize@ret                  cstackCOMRAM 000052
end_of_initialization                    cinit        0021FA
gpio_pin_direction_intialize@_pin_config cstackCOMRAM 000035
gpio_pin_direction_intialize@ret         cstackCOMRAM 00003D
gpio_pin_intialize@_pin_config           cstackCOMRAM 00003F
gpio_pin_intialize@ret                   cstackCOMRAM 000042
gpio_pin_read_logic@_pin_config          cstackCOMRAM 000035
gpio_pin_read_logic@logic                cstackCOMRAM 000037
gpio_pin_read_logic@ret                  cstackCOMRAM 00003E
gpio_pin_write_logic@_pin_config         cstackCOMRAM 000035
gpio_pin_write_logic@logic               cstackCOMRAM 000037
gpio_pin_write_logic@ret                 cstackCOMRAM 00003E
intlevel0                                text         000000
intlevel1                                text         000000
intlevel2                                text         000000
intlevel3                                text         000000
isa$std                                  (abs)        000001
isa$xinst                                (abs)        000000
keypad_get_value@col                     cstackCOMRAM 000047
keypad_get_value@keypad                  cstackCOMRAM 00003F
keypad_get_value@logic                   cstackCOMRAM 000046
keypad_get_value@ret                     cstackCOMRAM 000045
keypad_get_value@rows                    cstackCOMRAM 000048
keypad_get_value@value                   cstackCOMRAM 000041
keypad_intialize@col_counter             cstackCOMRAM 00004A
keypad_intialize@keypad                  cstackCOMRAM 000043
keypad_intialize@ret                     cstackCOMRAM 000047
keypad_intialize@rows_counter            cstackCOMRAM 000048
keypad_read_value@current_value          cstackCOMRAM 00004A
keypad_read_value@new_value              cstackCOMRAM 00004B
lcd_4bit_intialize@lcd                   cstackCOMRAM 00004C
lcd_4bit_intialize@pin                   cstackCOMRAM 000050
lcd_4bit_intialize@ret                   cstackCOMRAM 000051
lcd_4bit_send_char@data                  cstackCOMRAM 00004A
lcd_4bit_send_char@lcd                   cstackCOMRAM 000048
lcd_4bit_send_char@ret                   cstackCOMRAM 00004B
lcd_4bit_send_char_pos@colomn            cstackCOMRAM 000056
lcd_4bit_send_char_pos@data              cstackCOMRAM 000057
lcd_4bit_send_char_pos@lcd               cstackCOMRAM 000053
lcd_4bit_send_char_pos@ret               cstackCOMRAM 000058
lcd_4bit_send_char_pos@row               cstackCOMRAM 000055
lcd_4bit_send_command@command            cstackCOMRAM 00004A
lcd_4bit_send_command@lcd                cstackCOMRAM 000048
lcd_4bit_send_command@ret                cstackCOMRAM 00004B
lcd_4bit_send_string@lcd                 cstackCOMRAM 00004C
lcd_4bit_send_string@ret                 cstackCOMRAM 000050
lcd_4bit_send_string@string              cstackCOMRAM 00004E
lcd_4bit_send_string_pos@colomn          cstackCOMRAM 000056
lcd_4bit_send_string_pos@lcd             cstackCOMRAM 000053
lcd_4bit_send_string_pos@ret             cstackCOMRAM 000059
lcd_4bit_send_string_pos@row             cstackCOMRAM 000055
lcd_4bit_send_string_pos@string          cstackCOMRAM 000057
lcd_4bit_set_cursor@colomn               cstackCOMRAM 00004F
lcd_4bit_set_cursor@lcd                  cstackCOMRAM 00004C
lcd_4bit_set_cursor@ret                  cstackCOMRAM 000052
lcd_4bit_set_cursor@row                  cstackCOMRAM 00004E
lcd_send_4bit@data                       cstackCOMRAM 000041
lcd_send_4bit@lcd                        cstackCOMRAM 00003F
lcd_send_4bit@line_pins                  cstackCOMRAM 000047
lcd_send_4bit@ret                        cstackCOMRAM 000046
led_intialiaze@F3025                     bssCOMRAM    000066
led_intialiaze@led                       cstackCOMRAM 000043
led_intialiaze@pin_config_obj            cstackCOMRAM 000047
led_intialiaze@ret                       cstackCOMRAM 000046
led_turn_off@F3035                       bssCOMRAM    000064
led_turn_off@led                         cstackCOMRAM 00003F
led_turn_off@pin_config_obj              cstackCOMRAM 000043
led_turn_off@ret                         cstackCOMRAM 000042
led_turn_on@F3030                        bssCOMRAM    000065
led_turn_on@led                          cstackCOMRAM 00003F
led_turn_on@pin_config_obj               cstackCOMRAM 000043
led_turn_on@ret                          cstackCOMRAM 000042
main@_char                               cstackCOMRAM 00005C
main@counter                             cstackCOMRAM 00005D
motor_intialize@motor                    cstackCOMRAM 000043
motor_intialize@ret                      cstackCOMRAM 000045
motor_move_right@motor                   cstackCOMRAM 00003F
motor_move_right@ret                     cstackCOMRAM 000041
motor_stop@motor                         cstackCOMRAM 00003F
motor_stop@ret                           cstackCOMRAM 000041
send_4bit_enable_signal@lcd              cstackCOMRAM 00003F
send_4bit_enable_signal@ret              cstackCOMRAM 000041
stackhi                                  (abs)        000000
stacklo                                  (abs)        000000
start                                    init         000000
start_initialization                     cinit        0021CE


MODULE INFORMATION

Module		Function		Class		Link	Load	Size
C:\Program Files\Microchip\xc8\v2.40\pic\sources\c99\common\awdiv.c
		___awdiv       		CODE           	1858	0000	196

C:\Program Files\Microchip\xc8\v2.40\pic\sources\c99\common\awdiv.c estimated size: 196

ECU_Layer/ecu_layer_intialize.c
		_ecu_layer_intialize		CODE           	2094	0000	66

ECU_Layer/ecu_layer_intialize.c estimated size: 66

ECU_Layer/LCD/ecu_lcd.c
		_send_4bit_enable_signal		CODE           	2006	0000	74
		_lcd_send_4bit 		CODE           	1D38	0000	108
		_lcd_4bit_send_command		CODE           	1F48	0000	102
		_lcd_4bit_send_string_pos		CODE           	2050	0000	68
		_lcd_4bit_send_char		CODE           	1EE2	0000	102
		_lcd_4bit_intialize		CODE           	1654	0000	288
		_lcd_4bit_set_cursor		CODE           	1A84	0000	154
		_lcd_4bit_send_char_pos		CODE           	2156	0000	64
		_lcd_4bit_send_string		CODE           	1FAE	0000	88

ECU_Layer/LCD/ecu_lcd.c estimated size: 1048

ECU_Layer/DC_Motor/ecu_dc_motor.c
		_motor_intialize		CODE           	2196	0000	56
		_motor_stop    		CODE           	20D6	0000	64
		_motor_move_right		CODE           	2116	0000	64

ECU_Layer/DC_Motor/ecu_dc_motor.c estimated size: 184

C:\Program Files\Microchip\xc8\v2.40\pic\sources\c99\common\Umul32.c
		___lmul        		CODE           	1E10	0000	106

C:\Program Files\Microchip\xc8\v2.40\pic\sources\c99\common\Umul32.c estimated size: 106

ECU_Layer/Keypad/ecu_keypad.c
		_keypad_get_value		CODE           	1774	0000	228
		_keypad_intialize		CODE           	1B1E	0000	152

ECU_Layer/Keypad/ecu_keypad.c estimated size: 380

shared
		__initialization		CODE           	21CE	0000	44
		_keypad_matrix 		SMALLCONST     	1001	0000	12

shared estimated size: 56

MCAL_Layer/GPIO/hal_gpio.c
		_gpio_pin_write_logic		CODE           	1528	0000	300
		_gpio_pin_intialize		CODE           	1DA4	0000	108
		_gpio_pin_read_logic		CODE           	191C	0000	184
		_gpio_pin_direction_intialize		CODE           	13E4	0000	324

MCAL_Layer/GPIO/hal_gpio.c estimated size: 916

ECU_Layer/LED/ecu_led.c
		_led_turn_on   		CODE           	1BB6	0000	130
		_led_turn_off  		CODE           	1C38	0000	130
		_led_intialiaze		CODE           	1CBA	0000	126

ECU_Layer/LED/ecu_led.c estimated size: 386

C:\Program Files\Microchip\xc8\v2.40\pic\sources\c99\common\awmod.c
		___awmod       		CODE           	19D4	0000	176

C:\Program Files\Microchip\xc8\v2.40\pic\sources\c99\common\awmod.c estimated size: 176

application.c
		_main          		CODE           	1050	0000	916
		_application_intialize		CODE           	2238	0000	8
		_keypad_read_value		CODE           	1E7A	0000	104

application.c estimated size: 1028

