Microchip MPLAB XC8 Compiler V2.40

Linker command line:

-W-3 \
  --edf=C:\Program Files\Microchip\xc8\v2.40\pic\dat\20220703182018_en.msgs \
  -cn -h+dist/default/production\Door_Lock.X.production.sym \
  --cmf=dist/default/production\Door_Lock.X.production.cmf -z -Q18F4620 \
  -oC:\Users\Ehab\AppData\Local\Temp\xcAs470.5 --defsym=__MPLAB_BUILD=1 \
  --fixupoverflow=error \
  -Mdist/default/production/Door_Lock.X.production.map \
  --md=C:\Users\Ehab\AppData\Local\Temp\xcBs470.dat -E1 -ver=XC8 Compiler \
  --acfsm=1493 -ACODE=00h-0FFFFh -ACONST=00h-0FFFFh \
  -ASMALLCONST=01000h-010FFhx240 -AMEDIUMCONST=01000h-0FFFFh \
  -ACOMRAM=01h-07Fh -AABS1=00h-0F7Fh -ABIGRAM=01h-0F7Fh \
  -ARAM=080h-0FFh,0100h-01FFhx14,0F00h-0F7Fh -ABANK0=080h-0FFh \
  -ABANK1=0100h-01FFh -ABANK2=0200h-02FFh -ABANK3=0300h-03FFh \
  -ABANK4=0400h-04FFh -ABANK5=0500h-05FFh -ABANK6=0600h-06FFh \
  -ABANK7=0700h-07FFh -ABANK8=0800h-08FFh -ABANK9=0900h-09FFh \
  -ABANK10=0A00h-0AFFh -ABANK11=0B00h-0BFFh -ABANK12=0C00h-0CFFh \
  -ABANK13=0D00h-0DFFh -ABANK14=0E00h-0EFFh -ABANK15=0F00h-0F7Fh \
  -ASFR=0F80h-0FFFh -ABIGSFR=0F80h-0FFFh -ACONFIG=0300000h-030000Dh \
  -AIDLOC=0200000h-0200007h -AEEDATA=0F00000h-0F003FFh -peeprom_data=EEDATA \
  -preset_vec=00h,intcode,intcodelo,powerup,init -pramtop=01000h \
  -psmallconst=SMALLCONST -pmediumconst=MEDIUMCONST -pconst=CONST \
  -AFARRAM=00h-00h \
  -prdata=COMRAM,nvrram=COMRAM,nvbit=COMRAM,rbss=COMRAM,rbit=COMRAM \
  -pfarbss=FARRAM,fardata=FARRAM,nvFARRAM=FARRAM \
  -pintsave_regs=BIGRAM,bigbss=BIGRAM,bigdata=BIGRAM -pbss=RAM \
  -pidata=CODE,irdata=CODE,ibigdata=CODE,ifardata=CODE -prparam=COMRAM \
  C:\Users\Ehab\AppData\Local\Temp\xcAs470.o \
  dist/default/production\Door_Lock.X.production.o 

Object code version is 3.11

Machine type is 18F4620



                Name                               Link     Load   Length Selector   Space Scale
C:\Users\Ehab\AppData\Local\Temp\xcAs470.o
                idloc                            200000   200000        8        0       5
                config                           300000   300000        E        0       4
                init                                  0        0        4        0       0
dist/default/production\Door_Lock.X.production.o
                idloc                            200000   200000        8        0       5
                config                           300000   300000        E        0       4
                smallconst                         1000     1000       4E      800       0
                text24                             12A8     12A8      144      827       0
                text23                             13EC     13EC      12C      827       0
                text22                             1AF4     1AF4       6C      827       0
                text21                             186E     186E       98      827       0
                text20                             1A88     1A88       6C      827       0
                text19                             1CEC     1CEC       4A      827       0
                text18                             1C2E     1C2E       66      827       0
                text17                             1518     1518      120      827       0
                text16                             1A0A     1A0A       7E      827       0
                text15                             1E7C     1E7C       38      827       0
                text14                             1D7A     1D7A       42      827       0
                text13                             1F22     1F22        8      F76       0
                text12                             171C     171C       B8      827       0
                text11                             1638     1638       E4      827       0
                text10                             1B60     1B60       68      827       0
                text9                              1BC8     1BC8       66      827       0
                text8                              17D4     17D4       9A      827       0
                text7                              1E3C     1E3C       40      827       0
                text6                              1C94     1C94       58      827       0
                text5                              1D36     1D36       44      827       0
                text4                              1988     1988       82      827       0
                text3                              1906     1906       82      827       0
                text2                              1DFC     1DFC       40      827       0
                text1                              1DBC     1DBC       40      827       0
                text0                              104E     104E      25A      827       0
                cstackCOMRAM                         38       38       29        1       1
                dataCOMRAM                            1        1       37        1       1
                bssCOMRAM                            61       61        C        1       1
                cinit                              1EEC     1EEC       36      F76       0
                nvCOMRAM                             6D       6D        1        1       1
                idataCOMRAM                        1EB4     1EB4       37      827       0

TOTAL           Name                               Link     Load   Length     Space
        CLASS   CODE           
                init                                  0        0        4         0
                text24                             12A8     12A8      144         0
                text23                             13EC     13EC      12C         0
                text22                             1AF4     1AF4       6C         0
                text21                             186E     186E       98         0
                text20                             1A88     1A88       6C         0
                text19                             1CEC     1CEC       4A         0
                text18                             1C2E     1C2E       66         0
                text17                             1518     1518      120         0
                text16                             1A0A     1A0A       7E         0
                text15                             1E7C     1E7C       38         0
                text14                             1D7A     1D7A       42         0
                text13                             1F22     1F22        8         0
                text12                             171C     171C       B8         0
                text11                             1638     1638       E4         0
                text10                             1B60     1B60       68         0
                text9                              1BC8     1BC8       66         0
                text8                              17D4     17D4       9A         0
                text7                              1E3C     1E3C       40         0
                text6                              1C94     1C94       58         0
                text5                              1D36     1D36       44         0
                text4                              1988     1988       82         0
                text3                              1906     1906       82         0
                text2                              1DFC     1DFC       40         0
                text1                              1DBC     1DBC       40         0
                text0                              104E     104E      25A         0
                cinit                              1EEC     1EEC       36         0
                idataCOMRAM                        1EB4     1EB4       37         0

        CLASS   CONST          

        CLASS   SMALLCONST     
                smallconst                         1000     1000       4E         0

        CLASS   MEDIUMCONST    

        CLASS   COMRAM         
                cstackCOMRAM                         38       38       29         1
                dataCOMRAM                            1        1       37         1
                bssCOMRAM                            61       61        C         1
                nvCOMRAM                             6D       6D        1         1

        CLASS   ABS1           

        CLASS   BIGRAM         

        CLASS   RAM            

        CLASS   BANK0          

        CLASS   BANK1          

        CLASS   BANK2          

        CLASS   BANK3          

        CLASS   BANK4          

        CLASS   BANK5          

        CLASS   BANK6          

        CLASS   BANK7          

        CLASS   BANK8          

        CLASS   BANK9          

        CLASS   BANK10         

        CLASS   BANK11         

        CLASS   BANK12         

        CLASS   BANK13         

        CLASS   BANK14         

        CLASS   BANK15         

        CLASS   SFR            

        CLASS   BIGSFR         

        CLASS   CONFIG         
                config                           300000   300000        E         4

        CLASS   IDLOC          
                idloc                            200000   200000        8         5

        CLASS   EEDATA         

        CLASS   FARRAM         

        CLASS   HEAP           

        CLASS   STACK          



SEGMENTS        Name                           Load    Length   Top    Selector   Space  Class

                reset_vec                      000000  000004  000004         0       0  CODE    
                dataCOMRAM                     000001  00006D  00006E         1       1  COMRAM  
                smallconst                     001000  00004E  00104E       800       0  SMALLCON
                text0                          00104E  000E9D  001EEB       827       0  CODE    
                cinit                          001EEC  00003E  001F2A       F76       0  CODE    


UNUSED ADDRESS RANGES

        Name                Unused          Largest block    Delta
        BANK0            000080-0000FF               80
        BANK1            000100-0001FF              100
        BANK10           000A00-000AFF              100
        BANK11           000B00-000BFF              100
        BANK12           000C00-000CFF              100
        BANK13           000D00-000DFF              100
        BANK14           000E00-000EFF              100
        BANK15           000F00-000F7F               80
        BANK2            000200-0002FF              100
        BANK3            000300-0003FF              100
        BANK4            000400-0004FF              100
        BANK5            000500-0005FF              100
        BANK6            000600-0006FF              100
        BANK7            000700-0007FF              100
        BANK8            000800-0008FF              100
        BANK9            000900-0009FF              100
        BIGRAM           00006E-000F7F              F12
        BIGSFR           000F80-000FFF               80
        CODE             000004-000FFF              FFC
                         001EEB-001EEB                1
                         001F2A-00FFFF             E0D6
        COMRAM           00006E-00007F               12
        CONST            000004-000FFF              FFC
                         001EEB-001EEB                1
                         001F2A-00FFFF             E0D6
        EEDATA           F00000-F003FF              400
        MEDIUMCONST      001EEB-001EEB                1
                         001F2A-00FFFF             E0D6
        RAM              000080-000F7F              100
        SFR              000F80-000FFF               80
        SMALLCONST       001EEB-001EEB                1
                         001F2A-00FFFF              100

                                  Symbol Table

_LATA                                    (abs)        000F89
_LATB                                    (abs)        000F8A
_LATC                                    (abs)        000F8B
_LATD                                    (abs)        000F8C
_LATE                                    (abs)        000F8D
_PORTA                                   (abs)        000F80
_PORTB                                   (abs)        000F81
_PORTC                                   (abs)        000F82
_PORTD                                   (abs)        000F83
_PORTE                                   (abs)        000F84
_TRISA                                   (abs)        000F92
_TRISB                                   (abs)        000F93
_TRISC                                   (abs)        000F94
_TRISD                                   (abs)        000F95
_TRISE                                   (abs)        000F96
__HRAM                                   (abs)        000000
__Habs1                                  abs1         000000
__Hbank0                                 bank0        000000
__Hbank1                                 bank1        000000
__Hbank10                                bank10       000000
__Hbank11                                bank11       000000
__Hbank12                                bank12       000000
__Hbank13                                bank13       000000
__Hbank14                                bank14       000000
__Hbank15                                bank15       000000
__Hbank2                                 bank2        000000
__Hbank3                                 bank3        000000
__Hbank4                                 bank4        000000
__Hbank5                                 bank5        000000
__Hbank6                                 bank6        000000
__Hbank7                                 bank7        000000
__Hbank8                                 bank8        000000
__Hbank9                                 bank9        000000
__Hbigbss                                bigbss       000000
__Hbigdata                               bigdata      000000
__Hbigram                                bigram       000000
__Hbigsfr                                bigsfr       000000
__Hbss                                   bss          000000
__HbssCOMRAM                             bssCOMRAM    000000
__Hcinit                                 cinit        000000
__Hclrtext                               clrtext      000000
__Hcomram                                comram       000000
__Hconfig                                config       30000E
__Hconst                                 const        000000
__HcstackCOMRAM                          cstackCOMRAM 000000
__Hdata                                  data         000000
__HdataCOMRAM                            dataCOMRAM   000000
__Heeprom_data                           eeprom_data  000000
__Hfarbss                                farbss       000000
__Hfardata                               fardata      000000
__Hheap                                  heap         000000
__Hibigdata                              ibigdata     000000
__Hidata                                 idata        000000
__HidataCOMRAM                           idataCOMRAM  000000
__Hidloc                                 idloc        200008
__Hifardata                              ifardata     000000
__Hinit                                  init         000004
__Hintcode                               intcode      000000
__Hintcode_body                          intcode_body 000000
__Hintcodelo                             intcodelo    000000
__Hintentry                              intentry     000000
__Hintret                                intret       000000
__Hintsave_regs                          intsave_regs 000000
__Hirdata                                irdata       000000
__Hmediumconst                           mediumconst  000000
__HnvCOMRAM                              nvCOMRAM     000000
__HnvFARRAM                              nvFARRAM     000000
__Hnvbit                                 nvbit        000000
__Hnvrram                                nvrram       000000
__Hparam                                 rparam       000000
__Hpowerup                               powerup      000000
__Hram                                   ram          000000
__Hramtop                                ramtop       001000
__Hrbit                                  rbit         000000
__Hrbss                                  rbss         000000
__Hrdata                                 rdata        000000
__Hreset_vec                             reset_vec    000000
__Hrparam                                rparam       000000
__Hsfr                                   sfr          000000
__Hsmallconst                            smallconst   00104E
__Hspace_0                               (abs)        001F2A
__Hspace_1                               (abs)        00006E
__Hspace_2                               (abs)        000000
__Hspace_4                               (abs)        60000E
__Hstack                                 stack        000000
__Hstruct                                struct       000000
__Htemp                                  temp         000000
__Htext                                  text         000000
__Htext0                                 text0        000000
__Htext1                                 text1        000000
__Htext10                                text10       000000
__Htext11                                text11       000000
__Htext12                                text12       000000
__Htext13                                text13       000000
__Htext14                                text14       000000
__Htext15                                text15       000000
__Htext16                                text16       000000
__Htext17                                text17       000000
__Htext18                                text18       000000
__Htext19                                text19       000000
__Htext2                                 text2        000000
__Htext20                                text20       000000
__Htext21                                text21       000000
__Htext22                                text22       000000
__Htext23                                text23       000000
__Htext24                                text24       000000
__Htext3                                 text3        000000
__Htext4                                 text4        000000
__Htext5                                 text5        000000
__Htext6                                 text6        000000
__Htext7                                 text7        000000
__Htext8                                 text8        000000
__Htext9                                 text9        000000
__LRAM                                   (abs)        000001
__Labs1                                  abs1         000000
__Lbank0                                 bank0        000000
__Lbank1                                 bank1        000000
__Lbank10                                bank10       000000
__Lbank11                                bank11       000000
__Lbank12                                bank12       000000
__Lbank13                                bank13       000000
__Lbank14                                bank14       000000
__Lbank15                                bank15       000000
__Lbank2                                 bank2        000000
__Lbank3                                 bank3        000000
__Lbank4                                 bank4        000000
__Lbank5                                 bank5        000000
__Lbank6                                 bank6        000000
__Lbank7                                 bank7        000000
__Lbank8                                 bank8        000000
__Lbank9                                 bank9        000000
__Lbigbss                                bigbss       000000
__Lbigdata                               bigdata      000000
__Lbigram                                bigram       000000
__Lbigsfr                                bigsfr       000000
__Lbss                                   bss          000000
__LbssCOMRAM                             bssCOMRAM    000000
__Lcinit                                 cinit        000000
__Lclrtext                               clrtext      000000
__Lcomram                                comram       000000
__Lconfig                                config       000000
__Lconst                                 const        000000
__LcstackCOMRAM                          cstackCOMRAM 000000
__Ldata                                  data         000000
__LdataCOMRAM                            dataCOMRAM   000000
__Leeprom_data                           eeprom_data  000000
__Lfarbss                                farbss       000000
__Lfardata                               fardata      000000
__Lheap                                  heap         000000
__Libigdata                              ibigdata     000000
__Lidata                                 idata        000000
__LidataCOMRAM                           idataCOMRAM  000000
__Lidloc                                 idloc        000000
__Lifardata                              ifardata     000000
__Linit                                  init         000000
__Lintcode                               intcode      000000
__Lintcode_body                          intcode_body 000000
__Lintcodelo                             intcodelo    000000
__Lintentry                              intentry     000000
__Lintret                                intret       000000
__Lintsave_regs                          intsave_regs 000000
__Lirdata                                irdata       000000
__Lmediumconst                           mediumconst  000000
__LnvCOMRAM                              nvCOMRAM     000000
__LnvFARRAM                              nvFARRAM     000000
__Lnvbit                                 nvbit        000000
__Lnvrram                                nvrram       000000
__Lparam                                 rparam       000000
__Lpowerup                               powerup      000000
__Lram                                   ram          000000
__Lramtop                                ramtop       001000
__Lrbit                                  rbit         000000
__Lrbss                                  rbss         000000
__Lrdata                                 rdata        000000
__Lreset_vec                             reset_vec    000000
__Lrparam                                rparam       000000
__Lsfr                                   sfr          000000
__Lsmallconst                            smallconst   001000
__Lspace_0                               (abs)        000000
__Lspace_1                               (abs)        000000
__Lspace_2                               (abs)        000000
__Lspace_4                               (abs)        000000
__Lstack                                 stack        000000
__Lstruct                                struct       000000
__Ltemp                                  temp         000000
__Ltext                                  text         000000
__Ltext0                                 text0        000000
__Ltext1                                 text1        000000
__Ltext10                                text10       000000
__Ltext11                                text11       000000
__Ltext12                                text12       000000
__Ltext13                                text13       000000
__Ltext14                                text14       000000
__Ltext15                                text15       000000
__Ltext16                                text16       000000
__Ltext17                                text17       000000
__Ltext18                                text18       000000
__Ltext19                                text19       000000
__Ltext2                                 text2        000000
__Ltext20                                text20       000000
__Ltext21                                text21       000000
__Ltext22                                text22       000000
__Ltext23                                text23       000000
__Ltext24                                text24       000000
__Ltext3                                 text3        000000
__Ltext4                                 text4        000000
__Ltext5                                 text5        000000
__Ltext6                                 text6        000000
__Ltext7                                 text7        000000
__Ltext8                                 text8        000000
__Ltext9                                 text9        000000
__S0                                     (abs)        001F2A
__S1                                     (abs)        00006E
__S4                                     (abs)        000000
__S5                                     (abs)        000000
___heap_hi                               (abs)        000000
___heap_lo                               (abs)        000000
___inthi_sp                              stack        000000
___intlo_sp                              stack        000000
___param_bank                            (abs)        000000
___rparam_used                           (abs)        000001
___sp                                    stack        000000
__accesstop                              (abs)        000080
__activetblptr                           (abs)        000002
__end_of__initialization                 cinit        001F18
__end_of_application_intialize           text13       001F2A
__end_of_ecu_layer_intialize             text14       001DBC
__end_of_gpio_pin_direction_intialize    text24       0013EC
__end_of_gpio_pin_intialize              text22       001B60
__end_of_gpio_pin_read_logic             text12       0017D4
__end_of_gpio_pin_write_logic            text23       001518
__end_of_keypad_get_value                text11       00171C
__end_of_keypad_intialize                text21       001906
__end_of_keypad_matrix                   smallconst   00100D
__end_of_keypad_read_value               text10       001BC8
__end_of_lcd_4bit_intialize              text17       001638
__end_of_lcd_4bit_send_char              text9        001C2E
__end_of_lcd_4bit_send_char_pos          text7        001E7C
__end_of_lcd_4bit_send_command           text18       001C94
__end_of_lcd_4bit_send_string            text6        001CEC
__end_of_lcd_4bit_send_string_pos        text5        001D7A
__end_of_lcd_4bit_set_cursor             text8        00186E
__end_of_lcd_send_4bit                   text20       001AF4
__end_of_led_intialiaze                  text16       001A88
__end_of_led_turn_off                    text4        001A0A
__end_of_led_turn_on                     text3        001988
__end_of_main                            text0        0012A8
__end_of_motor_intialize                 text15       001EB4
__end_of_motor_move_right                text2        001E3C
__end_of_motor_stop                      text1        001DFC
__end_of_send_4bit_enable_signal         text19       001D36
__initialization                         cinit        001EEC
__mediumconst                            mediumconst  000000
__pbssCOMRAM                             bssCOMRAM    000061
__pcinit                                 cinit        001EEC
__pcstackCOMRAM                          cstackCOMRAM 000038
__pdataCOMRAM                            dataCOMRAM   000001
__pidataCOMRAM                           idataCOMRAM  001EB4
__pnvCOMRAM                              nvCOMRAM     00006D
__psmallconst                            smallconst   001000
__ptext0                                 text0        00104E
__ptext1                                 text1        001DBC
__ptext10                                text10       001B60
__ptext11                                text11       001638
__ptext12                                text12       00171C
__ptext13                                text13       001F22
__ptext14                                text14       001D7A
__ptext15                                text15       001E7C
__ptext16                                text16       001A0A
__ptext17                                text17       001518
__ptext18                                text18       001C2E
__ptext19                                text19       001CEC
__ptext2                                 text2        001DFC
__ptext20                                text20       001A88
__ptext21                                text21       00186E
__ptext22                                text22       001AF4
__ptext23                                text23       0013EC
__ptext24                                text24       0012A8
__ptext3                                 text3        001906
__ptext4                                 text4        001988
__ptext5                                 text5        001D36
__ptext6                                 text6        001C94
__ptext7                                 text7        001E3C
__ptext8                                 text8        0017D4
__ptext9                                 text9        001BC8
__ramtop                                 ramtop       001000
__smallconst                             smallconst   001000
_application_intialize                   text13       001F22
_ecu_layer_intialize                     text14       001D7A
_entered_password                        bssCOMRAM    000061
_gpio_pin_direction_intialize            text24       0012A8
_gpio_pin_intialize                      text22       001AF4
_gpio_pin_read_logic                     text12       00171C
_gpio_pin_write_logic                    text23       0013EC
_keypad                                  dataCOMRAM   000028
_keypad_get_value                        text11       001638
_keypad_intialize                        text21       00186E
_keypad_matrix                           smallconst   001001
_keypad_read_value                       text10       001B60
_keypad_value                            nvCOMRAM     00006D
_lat_registers                           dataCOMRAM   000001
_lcd                                     dataCOMRAM   00002F
_lcd_4bit_intialize                      text17       001518
_lcd_4bit_send_char                      text9        001BC8
_lcd_4bit_send_char_pos                  text7        001E3C
_lcd_4bit_send_command                   text18       001C2E
_lcd_4bit_send_string                    text6        001C94
_lcd_4bit_send_string_pos                text5        001D36
_lcd_4bit_set_cursor                     text8        0017D4
_lcd_output_data_col                     dataCOMRAM   000026
_lcd_send_4bit                           text20       001A88
_led_intialiaze                          text16       001A0A
_led_locked                              bssCOMRAM    00006C
_led_opened                              dataCOMRAM   000037
_led_turn_off                            text4        001988
_led_turn_on                             text3        001906
_main                                    text0        00104E
_motor                                   dataCOMRAM   000035
_motor_intialize                         text15       001E7C
_motor_move_right                        text2        001DFC
_motor_stop                              text1        001DBC
_password                                dataCOMRAM   00001F
_password_index                          bssCOMRAM    000068
_port_registers                          dataCOMRAM   00000B
_ret                                     dataCOMRAM   000027
_send_4bit_enable_signal                 text19       001CEC
_tris_registers                          dataCOMRAM   000015
ecu_layer_intialize@ret                  cstackCOMRAM 000055
end_of_initialization                    cinit        001F18
gpio_pin_direction_intialize@_pin_config cstackCOMRAM 000038
gpio_pin_direction_intialize@ret         cstackCOMRAM 000040
gpio_pin_intialize@_pin_config           cstackCOMRAM 000042
gpio_pin_intialize@ret                   cstackCOMRAM 000045
gpio_pin_read_logic@_pin_config          cstackCOMRAM 000038
gpio_pin_read_logic@logic                cstackCOMRAM 00003A
gpio_pin_read_logic@ret                  cstackCOMRAM 000041
gpio_pin_write_logic@_pin_config         cstackCOMRAM 000038
gpio_pin_write_logic@logic               cstackCOMRAM 00003A
gpio_pin_write_logic@ret                 cstackCOMRAM 000041
intlevel0                                text         000000
intlevel1                                text         000000
intlevel2                                text         000000
intlevel3                                text         000000
isa$std                                  (abs)        000001
isa$xinst                                (abs)        000000
keypad_get_value@col                     cstackCOMRAM 00004A
keypad_get_value@keypad                  cstackCOMRAM 000042
keypad_get_value@logic                   cstackCOMRAM 000049
keypad_get_value@ret                     cstackCOMRAM 000048
keypad_get_value@rows                    cstackCOMRAM 00004B
keypad_get_value@value                   cstackCOMRAM 000044
keypad_intialize@col_counter             cstackCOMRAM 00004D
keypad_intialize@keypad                  cstackCOMRAM 000046
keypad_intialize@ret                     cstackCOMRAM 00004A
keypad_intialize@rows_counter            cstackCOMRAM 00004B
keypad_read_value@current_value          cstackCOMRAM 00004D
keypad_read_value@new_value              cstackCOMRAM 00004E
lcd_4bit_intialize@lcd                   cstackCOMRAM 00004F
lcd_4bit_intialize@pin                   cstackCOMRAM 000053
lcd_4bit_intialize@ret                   cstackCOMRAM 000054
lcd_4bit_send_char@data                  cstackCOMRAM 00004D
lcd_4bit_send_char@lcd                   cstackCOMRAM 00004B
lcd_4bit_send_char@ret                   cstackCOMRAM 00004E
lcd_4bit_send_char_pos@colomn            cstackCOMRAM 000059
lcd_4bit_send_char_pos@data              cstackCOMRAM 00005A
lcd_4bit_send_char_pos@lcd               cstackCOMRAM 000056
lcd_4bit_send_char_pos@ret               cstackCOMRAM 00005B
lcd_4bit_send_char_pos@row               cstackCOMRAM 000058
lcd_4bit_send_command@command            cstackCOMRAM 00004D
lcd_4bit_send_command@lcd                cstackCOMRAM 00004B
lcd_4bit_send_command@ret                cstackCOMRAM 00004E
lcd_4bit_send_string@lcd                 cstackCOMRAM 00004F
lcd_4bit_send_string@ret                 cstackCOMRAM 000053
lcd_4bit_send_string@string              cstackCOMRAM 000051
lcd_4bit_send_string_pos@colomn          cstackCOMRAM 000059
lcd_4bit_send_string_pos@lcd             cstackCOMRAM 000056
lcd_4bit_send_string_pos@ret             cstackCOMRAM 00005C
lcd_4bit_send_string_pos@row             cstackCOMRAM 000058
lcd_4bit_send_string_pos@string          cstackCOMRAM 00005A
lcd_4bit_set_cursor@colomn               cstackCOMRAM 000052
lcd_4bit_set_cursor@lcd                  cstackCOMRAM 00004F
lcd_4bit_set_cursor@ret                  cstackCOMRAM 000055
lcd_4bit_set_cursor@row                  cstackCOMRAM 000051
lcd_send_4bit@data                       cstackCOMRAM 000044
lcd_send_4bit@lcd                        cstackCOMRAM 000042
lcd_send_4bit@line_pins                  cstackCOMRAM 00004A
lcd_send_4bit@ret                        cstackCOMRAM 000049
led_intialiaze@F3025                     bssCOMRAM    00006B
led_intialiaze@led                       cstackCOMRAM 000046
led_intialiaze@pin_config_obj            cstackCOMRAM 00004A
led_intialiaze@ret                       cstackCOMRAM 000049
led_turn_off@F3035                       bssCOMRAM    000069
led_turn_off@led                         cstackCOMRAM 000042
led_turn_off@pin_config_obj              cstackCOMRAM 000046
led_turn_off@ret                         cstackCOMRAM 000045
led_turn_on@F3030                        bssCOMRAM    00006A
led_turn_on@led                          cstackCOMRAM 000042
led_turn_on@pin_config_obj               cstackCOMRAM 000046
led_turn_on@ret                          cstackCOMRAM 000045
main@index_check                         cstackCOMRAM 000060
main@isPasswordValid                     cstackCOMRAM 00005F
motor_intialize@motor                    cstackCOMRAM 000046
motor_intialize@ret                      cstackCOMRAM 000048
motor_move_right@motor                   cstackCOMRAM 000042
motor_move_right@ret                     cstackCOMRAM 000044
motor_stop@motor                         cstackCOMRAM 000042
motor_stop@ret                           cstackCOMRAM 000044
send_4bit_enable_signal@lcd              cstackCOMRAM 000042
send_4bit_enable_signal@ret              cstackCOMRAM 000044
stackhi                                  (abs)        000000
stacklo                                  (abs)        000000
start                                    init         000000
start_initialization                     cinit        001EEC


MODULE INFORMATION

Module		Function		Class		Link	Load	Size
ECU_Layer/ecu_layer_intialize.c
		_ecu_layer_intialize		CODE           	1D7A	0000	66

ECU_Layer/ecu_layer_intialize.c estimated size: 66

ECU_Layer/LCD/ecu_lcd.c
		_send_4bit_enable_signal		CODE           	1CEC	0000	74
		_lcd_send_4bit 		CODE           	1A88	0000	108
		_lcd_4bit_send_command		CODE           	1C2E	0000	102
		_lcd_4bit_send_string_pos		CODE           	1D36	0000	68
		_lcd_4bit_send_char		CODE           	1BC8	0000	102
		_lcd_4bit_intialize		CODE           	1518	0000	288
		_lcd_4bit_set_cursor		CODE           	17D4	0000	154
		_lcd_4bit_send_char_pos		CODE           	1E3C	0000	64
		_lcd_4bit_send_string		CODE           	1C94	0000	88

ECU_Layer/LCD/ecu_lcd.c estimated size: 1048

ECU_Layer/DC_Motor/ecu_dc_motor.c
		_motor_intialize		CODE           	1E7C	0000	56
		_motor_stop    		CODE           	1DBC	0000	64
		_motor_move_right		CODE           	1DFC	0000	64

ECU_Layer/DC_Motor/ecu_dc_motor.c estimated size: 184

ECU_Layer/Keypad/ecu_keypad.c
		_keypad_get_value		CODE           	1638	0000	228
		_keypad_intialize		CODE           	186E	0000	152

ECU_Layer/Keypad/ecu_keypad.c estimated size: 380

shared
		__initialization		CODE           	1EEC	0000	44
		_keypad_matrix 		SMALLCONST     	1001	0000	12

shared estimated size: 56

MCAL_Layer/GPIO/hal_gpio.c
		_gpio_pin_write_logic		CODE           	13EC	0000	300
		_gpio_pin_intialize		CODE           	1AF4	0000	108
		_gpio_pin_read_logic		CODE           	171C	0000	184
		_gpio_pin_direction_intialize		CODE           	12A8	0000	324

MCAL_Layer/GPIO/hal_gpio.c estimated size: 916

ECU_Layer/LED/ecu_led.c
		_led_turn_on   		CODE           	1906	0000	130
		_led_turn_off  		CODE           	1988	0000	130
		_led_intialiaze		CODE           	1A0A	0000	126

ECU_Layer/LED/ecu_led.c estimated size: 386

application.c
		_main          		CODE           	104E	0000	602
		_application_intialize		CODE           	1F22	0000	8
		_keypad_read_value		CODE           	1B60	0000	104

application.c estimated size: 714

